node.exe : - Building...
Au caractère Ligne:1 : 1
+ & "C:\Program 
Files\nodejs/node.exe" 
"C:\Program 
Files\nodejs/node_mo ...
+ ~~~~~~~~~~~~~~~~~~~~~~~~~~
~~~~~~~~~~~~~~~~~~~~~~~~~~~~
~~~~~~~~~~~~~~~
    + CategoryInfo          
    : NotSpecified: (- Bui  
  lding...:String) [], Re   
 moteException
    + FullyQualifiedErrorId 
    : NativeCommandError
 

ERROR ReferenceError: 
sessionStorage is not 
defined
    at e.getPanier (file:///
C:/xampp/htdocs/SAE_301_303_
ABJT_11/.angular/prerender-r
oot/3ed5e813-650c-4c35-bc17-
2d7150b7656a/chunk-5AILWO7V.
mjs:2:3871)
    at get quantiteTotale (f
ile:///C:/xampp/htdocs/SAE_3
01_303_ABJT_11/.angular/prer
ender-root/3ed5e813-650c-4c3
5-bc17-2d7150b7656a/chunk-5A
ILWO7V.mjs:2:7471)
    at template (file:///C:/
xampp/htdocs/SAE_301_303_ABJ
T_11/.angular/prerender-root
/3ed5e813-650c-4c35-bc17-2d7
150b7656a/chunk-5AILWO7V.mjs
:2:10962)
    at Cv (file:///C:/xampp/
htdocs/SAE_301_303_ABJT_11/.
angular/prerender-root/3ed5e
813-650c-4c35-bc17-2d7150b76
56a/chunk-HHYBLI4E.mjs:8:376
65)
    at nC (file:///C:/xampp/
htdocs/SAE_301_303_ABJT_11/.
angular/prerender-root/3ed5e
813-650c-4c35-bc17-2d7150b76
56a/chunk-HHYBLI4E.mjs:8:475
59)
    at Md (file:///C:/xampp/
htdocs/SAE_301_303_ABJT_11/.
angular/prerender-root/3ed5e
813-650c-4c35-bc17-2d7150b76
56a/chunk-HHYBLI4E.mjs:8:487
49)
    at Bv (file:///C:/xampp/
htdocs/SAE_301_303_ABJT_11/.
angular/prerender-root/3ed5e
813-650c-4c35-bc17-2d7150b76
56a/chunk-HHYBLI4E.mjs:8:485
85)
    at sC (file:///C:/xampp/
htdocs/SAE_301_303_ABJT_11/.
angular/prerender-root/3ed5e
813-650c-4c35-bc17-2d7150b76
56a/chunk-HHYBLI4E.mjs:8:485
53)
    at Uv (file:///C:/xampp/
htdocs/SAE_301_303_ABJT_11/.
angular/prerender-root/3ed5e
813-650c-4c35-bc17-2d7150b76
56a/chunk-HHYBLI4E.mjs:8:488
84)
    at nC (file:///C:/xampp/
htdocs/SAE_301_303_ABJT_11/.
angular/prerender-root/3ed5e
813-650c-4c35-bc17-2d7150b76
56a/chunk-HHYBLI4E.mjs:8:479
05)
ERROR ReferenceError: 
sessionStorage is not 
defined
    at e.getPanier (file:///
C:/xampp/htdocs/SAE_301_303_
ABJT_11/.angular/prerender-r
oot/3ed5e813-650c-4c35-bc17-
2d7150b7656a/chunk-5AILWO7V.
mjs:2:3871)
    at get quantiteTotale (f
ile:///C:/xampp/htdocs/SAE_3
01_303_ABJT_11/.angular/prer
ender-root/3ed5e813-650c-4c3
5-bc17-2d7150b7656a/chunk-5A
ILWO7V.mjs:2:7471)
    at template (file:///C:/
xampp/htdocs/SAE_301_303_ABJ
T_11/.angular/prerender-root
/3ed5e813-650c-4c35-bc17-2d7
150b7656a/chunk-5AILWO7V.mjs
:2:10962)
    at Cv (file:///C:/xampp/
htdocs/SAE_301_303_ABJT_11/.
angular/prerender-root/3ed5e
813-650c-4c35-bc17-2d7150b76
56a/chunk-HHYBLI4E.mjs:8:376
65)
    at nC (file:///C:/xampp/
htdocs/SAE_301_303_ABJT_11/.
angular/prerender-root/3ed5e
813-650c-4c35-bc17-2d7150b76
56a/chunk-HHYBLI4E.mjs:8:475
59)
    at Md (file:///C:/xampp/
htdocs/SAE_301_303_ABJT_11/.
angular/prerender-root/3ed5e
813-650c-4c35-bc17-2d7150b76
56a/chunk-HHYBLI4E.mjs:8:487
49)
    at Bv (file:///C:/xampp/
htdocs/SAE_301_303_ABJT_11/.
angular/prerender-root/3ed5e
813-650c-4c35-bc17-2d7150b76
56a/chunk-HHYBLI4E.mjs:8:485
85)
    at sC (file:///C:/xampp/
htdocs/SAE_301_303_ABJT_11/.
angular/prerender-root/3ed5e
813-650c-4c35-bc17-2d7150b76
56a/chunk-HHYBLI4E.mjs:8:485
53)
    at Uv (file:///C:/xampp/
htdocs/SAE_301_303_ABJT_11/.
angular/prerender-root/3ed5e
813-650c-4c35-bc17-2d7150b76
56a/chunk-HHYBLI4E.mjs:8:488
84)
    at nC (file:///C:/xampp/
htdocs/SAE_301_303_ABJT_11/.
angular/prerender-root/3ed5e
813-650c-4c35-bc17-2d7150b76
56a/chunk-HHYBLI4E.mjs:8:479
05)
ERROR ReferenceError: 
sessionStorage is not 
defined
    at e.getPanier (file:///
C:/xampp/htdocs/SAE_301_303_
ABJT_11/.angular/prerender-r
oot/e704a39b-8c0a-43d9-8864-
a78c393a01cb/chunk-5AILWO7V.
mjs:2:3871)
    at get quantiteTotale (f
ile:///C:/xampp/htdocs/SAE_3
01_303_ABJT_11/.angular/prer
ender-root/e704a39b-8c0a-43d
9-8864-a78c393a01cb/chunk-5A
ILWO7V.mjs:2:7471)
    at template (file:///C:/
xampp/htdocs/SAE_301_303_ABJ
T_11/.angular/prerender-root
/e704a39b-8c0a-43d9-8864-a78
c393a01cb/chunk-5AILWO7V.mjs
:2:10962)
    at Cv (file:///C:/xampp/
htdocs/SAE_301_303_ABJT_11/.
angular/prerender-root/e704a
39b-8c0a-43d9-8864-a78c393a0
1cb/chunk-HHYBLI4E.mjs:8:376
65)
    at nC (file:///C:/xampp/
htdocs/SAE_301_303_ABJT_11/.
angular/prerender-root/e704a
39b-8c0a-43d9-8864-a78c393a0
1cb/chunk-HHYBLI4E.mjs:8:475
59)
    at Md (file:///C:/xampp/
htdocs/SAE_301_303_ABJT_11/.
angular/prerender-root/e704a
39b-8c0a-43d9-8864-a78c393a0
1cb/chunk-HHYBLI4E.mjs:8:487
49)
    at Bv (file:///C:/xampp/
htdocs/SAE_301_303_ABJT_11/.
angular/prerender-root/e704a
39b-8c0a-43d9-8864-a78c393a0
1cb/chunk-HHYBLI4E.mjs:8:485
85)
    at sC (file:///C:/xampp/
htdocs/SAE_301_303_ABJT_11/.
angular/prerender-root/e704a
39b-8c0a-43d9-8864-a78c393a0
1cb/chunk-HHYBLI4E.mjs:8:485
53)
    at Uv (file:///C:/xampp/
htdocs/SAE_301_303_ABJT_11/.
angular/prerender-root/e704a
39b-8c0a-43d9-8864-a78c393a0
1cb/chunk-HHYBLI4E.mjs:8:488
84)
    at nC (file:///C:/xampp/
htdocs/SAE_301_303_ABJT_11/.
angular/prerender-root/e704a
39b-8c0a-43d9-8864-a78c393a0
1cb/chunk-HHYBLI4E.mjs:8:479
05)
ERROR ReferenceError: 
sessionStorage is not 
defined
    at e.getPanier (file:///
C:/xampp/htdocs/SAE_301_303_
ABJT_11/.angular/prerender-r
oot/bbc0f3d1-3741-4452-9380-
cf0f470e1d05/chunk-5AILWO7V.
mjs:2:3871)
    at get quantiteTotale (f
ile:///C:/xampp/htdocs/SAE_3
01_303_ABJT_11/.angular/prer
ender-root/bbc0f3d1-3741-445
2-9380-cf0f470e1d05/chunk-5A
ILWO7V.mjs:2:7471)
    at template (file:///C:/
xampp/htdocs/SAE_301_303_ABJ
T_11/.angular/prerender-root
/bbc0f3d1-3741-4452-9380-cf0
f470e1d05/chunk-5AILWO7V.mjs
:2:10962)
    at Cv (file:///C:/xampp/
htdocs/SAE_301_303_ABJT_11/.
angular/prerender-root/bbc0f
3d1-3741-4452-9380-cf0f470e1
d05/chunk-HHYBLI4E.mjs:8:376
65)
    at nC (file:///C:/xampp/
htdocs/SAE_301_303_ABJT_11/.
angular/prerender-root/bbc0f
3d1-3741-4452-9380-cf0f470e1
d05/chunk-HHYBLI4E.mjs:8:475
59)
    at Md (file:///C:/xampp/
htdocs/SAE_301_303_ABJT_11/.
angular/prerender-root/bbc0f
3d1-3741-4452-9380-cf0f470e1
d05/chunk-HHYBLI4E.mjs:8:487
49)
    at Bv (file:///C:/xampp/
htdocs/SAE_301_303_ABJT_11/.
angular/prerender-root/bbc0f
3d1-3741-4452-9380-cf0f470e1
d05/chunk-HHYBLI4E.mjs:8:485
85)
    at sC (file:///C:/xampp/
htdocs/SAE_301_303_ABJT_11/.
angular/prerender-root/bbc0f
3d1-3741-4452-9380-cf0f470e1
d05/chunk-HHYBLI4E.mjs:8:485
53)
    at Uv (file:///C:/xampp/
htdocs/SAE_301_303_ABJT_11/.
angular/prerender-root/bbc0f
3d1-3741-4452-9380-cf0f470e1
d05/chunk-HHYBLI4E.mjs:8:488
84)
    at nC (file:///C:/xampp/
htdocs/SAE_301_303_ABJT_11/.
angular/prerender-root/bbc0f
3d1-3741-4452-9380-cf0f470e1
d05/chunk-HHYBLI4E.mjs:8:479
05)
ERROR ReferenceError: 
sessionStorage is not 
defined
    at e.getPanier (file:///
C:/xampp/htdocs/SAE_301_303_
ABJT_11/.angular/prerender-r
oot/8f08941e-784d-4e05-af1a-
1bfe005d8554/chunk-5AILWO7V.
mjs:2:3871)
    at get quantiteTotale (f
ile:///C:/xampp/htdocs/SAE_3
01_303_ABJT_11/.angular/prer
ender-root/8f08941e-784d-4e0
5-af1a-1bfe005d8554/chunk-5A
ILWO7V.mjs:2:7471)
    at template (file:///C:/
xampp/htdocs/SAE_301_303_ABJ
T_11/.angular/prerender-root
/8f08941e-784d-4e05-af1a-1bf
e005d8554/chunk-5AILWO7V.mjs
:2:10962)
    at Cv (file:///C:/xampp/
htdocs/SAE_301_303_ABJT_11/.
angular/prerender-root/8f089
41e-784d-4e05-af1a-1bfe005d8
554/chunk-HHYBLI4E.mjs:8:376
65)
    at nC (file:///C:/xampp/
htdocs/SAE_301_303_ABJT_11/.
angular/prerender-root/8f089
41e-784d-4e05-af1a-1bfe005d8
554/chunk-HHYBLI4E.mjs:8:475
59)
    at Md (file:///C:/xampp/
htdocs/SAE_301_303_ABJT_11/.
angular/prerender-root/8f089
41e-784d-4e05-af1a-1bfe005d8
554/chunk-HHYBLI4E.mjs:8:487
49)
    at Bv (file:///C:/xampp/
htdocs/SAE_301_303_ABJT_11/.
angular/prerender-root/8f089
41e-784d-4e05-af1a-1bfe005d8
554/chunk-HHYBLI4E.mjs:8:485
85)
    at sC (file:///C:/xampp/
htdocs/SAE_301_303_ABJT_11/.
angular/prerender-root/8f089
41e-784d-4e05-af1a-1bfe005d8
554/chunk-HHYBLI4E.mjs:8:485
53)
    at Uv (file:///C:/xampp/
htdocs/SAE_301_303_ABJT_11/.
angular/prerender-root/8f089
41e-784d-4e05-af1a-1bfe005d8
554/chunk-HHYBLI4E.mjs:8:488
84)
    at nC (file:///C:/xampp/
htdocs/SAE_301_303_ABJT_11/.
angular/prerender-root/8f089
41e-784d-4e05-af1a-1bfe005d8
554/chunk-HHYBLI4E.mjs:8:479
05)
ERROR ReferenceError: 
sessionStorage is not 
defined
    at e.getPanier (file:///
C:/xampp/htdocs/SAE_301_303_
ABJT_11/.angular/prerender-r
oot/bbc0f3d1-3741-4452-9380-
cf0f470e1d05/chunk-5AILWO7V.
mjs:2:3871)
    at get quantiteTotale (f
ile:///C:/xampp/htdocs/SAE_3
01_303_ABJT_11/.angular/prer
ender-root/bbc0f3d1-3741-445
2-9380-cf0f470e1d05/chunk-5A
ILWO7V.mjs:2:7471)
    at template (file:///C:/
xampp/htdocs/SAE_301_303_ABJ
T_11/.angular/prerender-root
/bbc0f3d1-3741-4452-9380-cf0
f470e1d05/chunk-5AILWO7V.mjs
:2:10962)
    at Cv (file:///C:/xampp/
htdocs/SAE_301_303_ABJT_11/.
angular/prerender-root/bbc0f
3d1-3741-4452-9380-cf0f470e1
d05/chunk-HHYBLI4E.mjs:8:376
65)
    at nC (file:///C:/xampp/
htdocs/SAE_301_303_ABJT_11/.
angular/prerender-root/bbc0f
3d1-3741-4452-9380-cf0f470e1
d05/chunk-HHYBLI4E.mjs:8:475
59)
    at Md (file:///C:/xampp/
htdocs/SAE_301_303_ABJT_11/.
angular/prerender-root/bbc0f
3d1-3741-4452-9380-cf0f470e1
d05/chunk-HHYBLI4E.mjs:8:487
49)
    at Bv (file:///C:/xampp/
htdocs/SAE_301_303_ABJT_11/.
angular/prerender-root/bbc0f
3d1-3741-4452-9380-cf0f470e1
d05/chunk-HHYBLI4E.mjs:8:485
85)
    at sC (file:///C:/xampp/
htdocs/SAE_301_303_ABJT_11/.
angular/prerender-root/bbc0f
3d1-3741-4452-9380-cf0f470e1
d05/chunk-HHYBLI4E.mjs:8:485
53)
    at Uv (file:///C:/xampp/
htdocs/SAE_301_303_ABJT_11/.
angular/prerender-root/bbc0f
3d1-3741-4452-9380-cf0f470e1
d05/chunk-HHYBLI4E.mjs:8:488
84)
    at nC (file:///C:/xampp/
htdocs/SAE_301_303_ABJT_11/.
angular/prerender-root/bbc0f
3d1-3741-4452-9380-cf0f470e1
d05/chunk-HHYBLI4E.mjs:8:479
05)
ERROR ReferenceError: 
sessionStorage is not 
defined
    at e.getPanier (file:///
C:/xampp/htdocs/SAE_301_303_
ABJT_11/.angular/prerender-r
oot/bbc0f3d1-3741-4452-9380-
cf0f470e1d05/chunk-5AILWO7V.
mjs:2:3871)
    at get quantiteTotale (f
ile:///C:/xampp/htdocs/SAE_3
01_303_ABJT_11/.angular/prer
ender-root/bbc0f3d1-3741-445
2-9380-cf0f470e1d05/chunk-5A
ILWO7V.mjs:2:7471)
    at template (file:///C:/
xampp/htdocs/SAE_301_303_ABJ
T_11/.angular/prerender-root
/bbc0f3d1-3741-4452-9380-cf0
f470e1d05/chunk-5AILWO7V.mjs
:2:10962)
    at Cv (file:///C:/xampp/
htdocs/SAE_301_303_ABJT_11/.
angular/prerender-root/bbc0f
3d1-3741-4452-9380-cf0f470e1
d05/chunk-HHYBLI4E.mjs:8:376
65)
    at nC (file:///C:/xampp/
htdocs/SAE_301_303_ABJT_11/.
angular/prerender-root/bbc0f
3d1-3741-4452-9380-cf0f470e1
d05/chunk-HHYBLI4E.mjs:8:475
59)
    at Md (file:///C:/xampp/
htdocs/SAE_301_303_ABJT_11/.
angular/prerender-root/bbc0f
3d1-3741-4452-9380-cf0f470e1
d05/chunk-HHYBLI4E.mjs:8:487
49)
    at Bv (file:///C:/xampp/
htdocs/SAE_301_303_ABJT_11/.
angular/prerender-root/bbc0f
3d1-3741-4452-9380-cf0f470e1
d05/chunk-HHYBLI4E.mjs:8:485
85)
    at sC (file:///C:/xampp/
htdocs/SAE_301_303_ABJT_11/.
angular/prerender-root/bbc0f
3d1-3741-4452-9380-cf0f470e1
d05/chunk-HHYBLI4E.mjs:8:485
53)
    at Uv (file:///C:/xampp/
htdocs/SAE_301_303_ABJT_11/.
angular/prerender-root/bbc0f
3d1-3741-4452-9380-cf0f470e1
d05/chunk-HHYBLI4E.mjs:8:488
84)
    at nC (file:///C:/xampp/
htdocs/SAE_301_303_ABJT_11/.
angular/prerender-root/bbc0f
3d1-3741-4452-9380-cf0f470e1
d05/chunk-HHYBLI4E.mjs:8:479
05)
ERROR ReferenceError: 
sessionStorage is not 
defined
    at e.getPanier (file:///
C:/xampp/htdocs/SAE_301_303_
ABJT_11/.angular/prerender-r
oot/8f08941e-784d-4e05-af1a-
1bfe005d8554/chunk-5AILWO7V.
mjs:2:3871)
    at get quantiteTotale (f
ile:///C:/xampp/htdocs/SAE_3
01_303_ABJT_11/.angular/prer
ender-root/8f08941e-784d-4e0
5-af1a-1bfe005d8554/chunk-5A
ILWO7V.mjs:2:7471)
    at template (file:///C:/
xampp/htdocs/SAE_301_303_ABJ
T_11/.angular/prerender-root
/8f08941e-784d-4e05-af1a-1bf
e005d8554/chunk-5AILWO7V.mjs
:2:10962)
    at Cv (file:///C:/xampp/
htdocs/SAE_301_303_ABJT_11/.
angular/prerender-root/8f089
41e-784d-4e05-af1a-1bfe005d8
554/chunk-HHYBLI4E.mjs:8:376
65)
    at nC (file:///C:/xampp/
htdocs/SAE_301_303_ABJT_11/.
angular/prerender-root/8f089
41e-784d-4e05-af1a-1bfe005d8
554/chunk-HHYBLI4E.mjs:8:475
59)
    at Md (file:///C:/xampp/
htdocs/SAE_301_303_ABJT_11/.
angular/prerender-root/8f089
41e-784d-4e05-af1a-1bfe005d8
554/chunk-HHYBLI4E.mjs:8:487
49)
    at Bv (file:///C:/xampp/
htdocs/SAE_301_303_ABJT_11/.
angular/prerender-root/8f089
41e-784d-4e05-af1a-1bfe005d8
554/chunk-HHYBLI4E.mjs:8:485
85)
    at sC (file:///C:/xampp/
htdocs/SAE_301_303_ABJT_11/.
angular/prerender-root/8f089
41e-784d-4e05-af1a-1bfe005d8
554/chunk-HHYBLI4E.mjs:8:485
53)
    at Uv (file:///C:/xampp/
htdocs/SAE_301_303_ABJT_11/.
angular/prerender-root/8f089
41e-784d-4e05-af1a-1bfe005d8
554/chunk-HHYBLI4E.mjs:8:488
84)
    at nC (file:///C:/xampp/
htdocs/SAE_301_303_ABJT_11/.
angular/prerender-root/8f089
41e-784d-4e05-af1a-1bfe005d8
554/chunk-HHYBLI4E.mjs:8:479
05)
ERROR ReferenceError: 
sessionStorage is not 
defined
    at e.getPanier (file:///
C:/xampp/htdocs/SAE_301_303_
ABJT_11/.angular/prerender-r
oot/8f08941e-784d-4e05-af1a-
1bfe005d8554/chunk-5AILWO7V.
mjs:2:3871)
    at get quantiteTotale (f
ile:///C:/xampp/htdocs/SAE_3
01_303_ABJT_11/.angular/prer
ender-root/8f08941e-784d-4e0
5-af1a-1bfe005d8554/chunk-5A
ILWO7V.mjs:2:7471)
    at template (file:///C:/
xampp/htdocs/SAE_301_303_ABJ
T_11/.angular/prerender-root
/8f08941e-784d-4e05-af1a-1bf
e005d8554/chunk-5AILWO7V.mjs
:2:10962)
    at Cv (file:///C:/xampp/
htdocs/SAE_301_303_ABJT_11/.
angular/prerender-root/8f089
41e-784d-4e05-af1a-1bfe005d8
554/chunk-HHYBLI4E.mjs:8:376
65)
    at nC (file:///C:/xampp/
htdocs/SAE_301_303_ABJT_11/.
angular/prerender-root/8f089
41e-784d-4e05-af1a-1bfe005d8
554/chunk-HHYBLI4E.mjs:8:475
59)
    at Md (file:///C:/xampp/
htdocs/SAE_301_303_ABJT_11/.
angular/prerender-root/8f089
41e-784d-4e05-af1a-1bfe005d8
554/chunk-HHYBLI4E.mjs:8:487
49)
    at Bv (file:///C:/xampp/
htdocs/SAE_301_303_ABJT_11/.
angular/prerender-root/8f089
41e-784d-4e05-af1a-1bfe005d8
554/chunk-HHYBLI4E.mjs:8:485
85)
    at sC (file:///C:/xampp/
htdocs/SAE_301_303_ABJT_11/.
angular/prerender-root/8f089
41e-784d-4e05-af1a-1bfe005d8
554/chunk-HHYBLI4E.mjs:8:485
53)
    at Uv (file:///C:/xampp/
htdocs/SAE_301_303_ABJT_11/.
angular/prerender-root/8f089
41e-784d-4e05-af1a-1bfe005d8
554/chunk-HHYBLI4E.mjs:8:488
84)
    at nC (file:///C:/xampp/
htdocs/SAE_301_303_ABJT_11/.
angular/prerender-root/8f089
41e-784d-4e05-af1a-1bfe005d8
554/chunk-HHYBLI4E.mjs:8:479
05)
ERROR ReferenceError: 
sessionStorage is not 
defined
    at e.getPanier (file:///
C:/xampp/htdocs/SAE_301_303_
ABJT_11/.angular/prerender-r
oot/b6fd3d12-c273-41fa-a92d-
1221d6b96dd1/chunk-5AILWO7V.
mjs:2:3871)
    at get quantiteTotale (f
ile:///C:/xampp/htdocs/SAE_3
01_303_ABJT_11/.angular/prer
ender-root/b6fd3d12-c273-41f
a-a92d-1221d6b96dd1/chunk-5A
ILWO7V.mjs:2:7471)
    at template (file:///C:/
xampp/htdocs/SAE_301_303_ABJ
T_11/.angular/prerender-root
/b6fd3d12-c273-41fa-a92d-122
1d6b96dd1/chunk-5AILWO7V.mjs
:2:10962)
    at Cv (file:///C:/xampp/
htdocs/SAE_301_303_ABJT_11/.
angular/prerender-root/b6fd3
d12-c273-41fa-a92d-1221d6b96
dd1/chunk-HHYBLI4E.mjs:8:376
65)
    at nC (file:///C:/xampp/
htdocs/SAE_301_303_ABJT_11/.
angular/prerender-root/b6fd3
d12-c273-41fa-a92d-1221d6b96
dd1/chunk-HHYBLI4E.mjs:8:475
59)
    at Md (file:///C:/xampp/
htdocs/SAE_301_303_ABJT_11/.
angular/prerender-root/b6fd3
d12-c273-41fa-a92d-1221d6b96
dd1/chunk-HHYBLI4E.mjs:8:487
49)
    at Bv (file:///C:/xampp/
htdocs/SAE_301_303_ABJT_11/.
angular/prerender-root/b6fd3
d12-c273-41fa-a92d-1221d6b96
dd1/chunk-HHYBLI4E.mjs:8:485
85)
    at sC (file:///C:/xampp/
htdocs/SAE_301_303_ABJT_11/.
angular/prerender-root/b6fd3
d12-c273-41fa-a92d-1221d6b96
dd1/chunk-HHYBLI4E.mjs:8:485
53)
    at Uv (file:///C:/xampp/
htdocs/SAE_301_303_ABJT_11/.
angular/prerender-root/b6fd3
d12-c273-41fa-a92d-1221d6b96
dd1/chunk-HHYBLI4E.mjs:8:488
84)
    at nC (file:///C:/xampp/
htdocs/SAE_301_303_ABJT_11/.
angular/prerender-root/b6fd3
d12-c273-41fa-a92d-1221d6b96
dd1/chunk-HHYBLI4E.mjs:8:479
05)
ERROR ReferenceError: 
sessionStorage is not 
defined
    at e.getPanier (file:///
C:/xampp/htdocs/SAE_301_303_
ABJT_11/.angular/prerender-r
oot/b6fd3d12-c273-41fa-a92d-
1221d6b96dd1/chunk-5AILWO7V.
mjs:2:3871)
    at get quantiteTotale (f
ile:///C:/xampp/htdocs/SAE_3
01_303_ABJT_11/.angular/prer
ender-root/b6fd3d12-c273-41f
a-a92d-1221d6b96dd1/chunk-5A
ILWO7V.mjs:2:7471)
    at template (file:///C:/
xampp/htdocs/SAE_301_303_ABJ
T_11/.angular/prerender-root
/b6fd3d12-c273-41fa-a92d-122
1d6b96dd1/chunk-5AILWO7V.mjs
:2:10962)
    at Cv (file:///C:/xampp/
htdocs/SAE_301_303_ABJT_11/.
angular/prerender-root/b6fd3
d12-c273-41fa-a92d-1221d6b96
dd1/chunk-HHYBLI4E.mjs:8:376
65)
    at nC (file:///C:/xampp/
htdocs/SAE_301_303_ABJT_11/.
angular/prerender-root/b6fd3
d12-c273-41fa-a92d-1221d6b96
dd1/chunk-HHYBLI4E.mjs:8:475
59)
    at Md (file:///C:/xampp/
htdocs/SAE_301_303_ABJT_11/.
angular/prerender-root/b6fd3
d12-c273-41fa-a92d-1221d6b96
dd1/chunk-HHYBLI4E.mjs:8:487
49)
    at Bv (file:///C:/xampp/
htdocs/SAE_301_303_ABJT_11/.
angular/prerender-root/b6fd3
d12-c273-41fa-a92d-1221d6b96
dd1/chunk-HHYBLI4E.mjs:8:485
85)
    at sC (file:///C:/xampp/
htdocs/SAE_301_303_ABJT_11/.
angular/prerender-root/b6fd3
d12-c273-41fa-a92d-1221d6b96
dd1/chunk-HHYBLI4E.mjs:8:485
53)
    at Uv (file:///C:/xampp/
htdocs/SAE_301_303_ABJT_11/.
angular/prerender-root/b6fd3
d12-c273-41fa-a92d-1221d6b96
dd1/chunk-HHYBLI4E.mjs:8:488
84)
    at nC (file:///C:/xampp/
htdocs/SAE_301_303_ABJT_11/.
angular/prerender-root/b6fd3
d12-c273-41fa-a92d-1221d6b96
dd1/chunk-HHYBLI4E.mjs:8:479
05)
ERROR ReferenceError: 
sessionStorage is not 
defined
    at e.getPanier (file:///
C:/xampp/htdocs/SAE_301_303_
ABJT_11/.angular/prerender-r
oot/b6fd3d12-c273-41fa-a92d-
1221d6b96dd1/chunk-5AILWO7V.
mjs:2:3871)
    at get quantiteTotale (f
ile:///C:/xampp/htdocs/SAE_3
01_303_ABJT_11/.angular/prer
ender-root/b6fd3d12-c273-41f
a-a92d-1221d6b96dd1/chunk-5A
ILWO7V.mjs:2:7471)
    at template (file:///C:/
xampp/htdocs/SAE_301_303_ABJ
T_11/.angular/prerender-root
/b6fd3d12-c273-41fa-a92d-122
1d6b96dd1/chunk-5AILWO7V.mjs
:2:10962)
    at Cv (file:///C:/xampp/
htdocs/SAE_301_303_ABJT_11/.
angular/prerender-root/b6fd3
d12-c273-41fa-a92d-1221d6b96
dd1/chunk-HHYBLI4E.mjs:8:376
65)
    at nC (file:///C:/xampp/
htdocs/SAE_301_303_ABJT_11/.
angular/prerender-root/b6fd3
d12-c273-41fa-a92d-1221d6b96
dd1/chunk-HHYBLI4E.mjs:8:475
59)
    at Md (file:///C:/xampp/
htdocs/SAE_301_303_ABJT_11/.
angular/prerender-root/b6fd3
d12-c273-41fa-a92d-1221d6b96
dd1/chunk-HHYBLI4E.mjs:8:487
49)
    at Bv (file:///C:/xampp/
htdocs/SAE_301_303_ABJT_11/.
angular/prerender-root/b6fd3
d12-c273-41fa-a92d-1221d6b96
dd1/chunk-HHYBLI4E.mjs:8:485
85)
    at sC (file:///C:/xampp/
htdocs/SAE_301_303_ABJT_11/.
angular/prerender-root/b6fd3
d12-c273-41fa-a92d-1221d6b96
dd1/chunk-HHYBLI4E.mjs:8:485
53)
    at Uv (file:///C:/xampp/
htdocs/SAE_301_303_ABJT_11/.
angular/prerender-root/b6fd3
d12-c273-41fa-a92d-1221d6b96
dd1/chunk-HHYBLI4E.mjs:8:488
84)
    at nC (file:///C:/xampp/
htdocs/SAE_301_303_ABJT_11/.
angular/prerender-root/b6fd3
d12-c273-41fa-a92d-1221d6b96
dd1/chunk-HHYBLI4E.mjs:8:479
05)
ERROR ReferenceError: 
sessionStorage is not 
defined
    at e.getPanier (file:///
C:/xampp/htdocs/SAE_301_303_
ABJT_11/.angular/prerender-r
oot/e704a39b-8c0a-43d9-8864-
a78c393a01cb/chunk-5AILWO7V.
mjs:2:3871)
    at get quantiteTotale (f
ile:///C:/xampp/htdocs/SAE_3
01_303_ABJT_11/.angular/prer
ender-root/e704a39b-8c0a-43d
9-8864-a78c393a01cb/chunk-5A
ILWO7V.mjs:2:7471)
    at template (file:///C:/
xampp/htdocs/SAE_301_303_ABJ
T_11/.angular/prerender-root
/e704a39b-8c0a-43d9-8864-a78
c393a01cb/chunk-5AILWO7V.mjs
:2:10962)
    at Cv (file:///C:/xampp/
htdocs/SAE_301_303_ABJT_11/.
angular/prerender-root/e704a
39b-8c0a-43d9-8864-a78c393a0
1cb/chunk-HHYBLI4E.mjs:8:376
65)
    at nC (file:///C:/xampp/
htdocs/SAE_301_303_ABJT_11/.
angular/prerender-root/e704a
39b-8c0a-43d9-8864-a78c393a0
1cb/chunk-HHYBLI4E.mjs:8:475
59)
    at Md (file:///C:/xampp/
htdocs/SAE_301_303_ABJT_11/.
angular/prerender-root/e704a
39b-8c0a-43d9-8864-a78c393a0
1cb/chunk-HHYBLI4E.mjs:8:487
49)
    at Bv (file:///C:/xampp/
htdocs/SAE_301_303_ABJT_11/.
angular/prerender-root/e704a
39b-8c0a-43d9-8864-a78c393a0
1cb/chunk-HHYBLI4E.mjs:8:485
85)
    at sC (file:///C:/xampp/
htdocs/SAE_301_303_ABJT_11/.
angular/prerender-root/e704a
39b-8c0a-43d9-8864-a78c393a0
1cb/chunk-HHYBLI4E.mjs:8:485
53)
    at Uv (file:///C:/xampp/
htdocs/SAE_301_303_ABJT_11/.
angular/prerender-root/e704a
39b-8c0a-43d9-8864-a78c393a0
1cb/chunk-HHYBLI4E.mjs:8:488
84)
    at nC (file:///C:/xampp/
htdocs/SAE_301_303_ABJT_11/.
angular/prerender-root/e704a
39b-8c0a-43d9-8864-a78c393a0
1cb/chunk-HHYBLI4E.mjs:8:479
05)
ERROR ReferenceError: 
sessionStorage is not 
defined
    at e.getPanier (file:///
C:/xampp/htdocs/SAE_301_303_
ABJT_11/.angular/prerender-r
oot/e704a39b-8c0a-43d9-8864-
a78c393a01cb/chunk-5AILWO7V.
mjs:2:3871)
    at get quantiteTotale (f
ile:///C:/xampp/htdocs/SAE_3
01_303_ABJT_11/.angular/prer
ender-root/e704a39b-8c0a-43d
9-8864-a78c393a01cb/chunk-5A
ILWO7V.mjs:2:7471)
    at template (file:///C:/
xampp/htdocs/SAE_301_303_ABJ
T_11/.angular/prerender-root
/e704a39b-8c0a-43d9-8864-a78
c393a01cb/chunk-5AILWO7V.mjs
:2:10962)
    at Cv (file:///C:/xampp/
htdocs/SAE_301_303_ABJT_11/.
angular/prerender-root/e704a
39b-8c0a-43d9-8864-a78c393a0
1cb/chunk-HHYBLI4E.mjs:8:376
65)
    at nC (file:///C:/xampp/
htdocs/SAE_301_303_ABJT_11/.
angular/prerender-root/e704a
39b-8c0a-43d9-8864-a78c393a0
1cb/chunk-HHYBLI4E.mjs:8:475
59)
    at Md (file:///C:/xampp/
htdocs/SAE_301_303_ABJT_11/.
angular/prerender-root/e704a
39b-8c0a-43d9-8864-a78c393a0
1cb/chunk-HHYBLI4E.mjs:8:487
49)
    at Bv (file:///C:/xampp/
htdocs/SAE_301_303_ABJT_11/.
angular/prerender-root/e704a
39b-8c0a-43d9-8864-a78c393a0
1cb/chunk-HHYBLI4E.mjs:8:485
85)
    at sC (file:///C:/xampp/
htdocs/SAE_301_303_ABJT_11/.
angular/prerender-root/e704a
39b-8c0a-43d9-8864-a78c393a0
1cb/chunk-HHYBLI4E.mjs:8:485
53)
    at Uv (file:///C:/xampp/
htdocs/SAE_301_303_ABJT_11/.
angular/prerender-root/e704a
39b-8c0a-43d9-8864-a78c393a0
1cb/chunk-HHYBLI4E.mjs:8:488
84)
    at nC (file:///C:/xampp/
htdocs/SAE_301_303_ABJT_11/.
angular/prerender-root/e704a
39b-8c0a-43d9-8864-a78c393a0
1cb/chunk-HHYBLI4E.mjs:8:479
05)
ERROR ReferenceError: 
sessionStorage is not 
defined
    at e.getPanier (file:///
C:/xampp/htdocs/SAE_301_303_
ABJT_11/.angular/prerender-r
oot/e704a39b-8c0a-43d9-8864-
a78c393a01cb/chunk-5AILWO7V.
mjs:2:3871)
    at get quantiteTotale (f
ile:///C:/xampp/htdocs/SAE_3
01_303_ABJT_11/.angular/prer
ender-root/e704a39b-8c0a-43d
9-8864-a78c393a01cb/chunk-5A
ILWO7V.mjs:2:7471)
    at template (file:///C:/
xampp/htdocs/SAE_301_303_ABJ
T_11/.angular/prerender-root
/e704a39b-8c0a-43d9-8864-a78
c393a01cb/chunk-5AILWO7V.mjs
:2:10962)
    at Cv (file:///C:/xampp/
htdocs/SAE_301_303_ABJT_11/.
angular/prerender-root/e704a
39b-8c0a-43d9-8864-a78c393a0
1cb/chunk-HHYBLI4E.mjs:8:376
65)
    at nC (file:///C:/xampp/
htdocs/SAE_301_303_ABJT_11/.
angular/prerender-root/e704a
39b-8c0a-43d9-8864-a78c393a0
1cb/chunk-HHYBLI4E.mjs:8:475
59)
    at Md (file:///C:/xampp/
htdocs/SAE_301_303_ABJT_11/.
angular/prerender-root/e704a
39b-8c0a-43d9-8864-a78c393a0
1cb/chunk-HHYBLI4E.mjs:8:487
49)
    at Bv (file:///C:/xampp/
htdocs/SAE_301_303_ABJT_11/.
angular/prerender-root/e704a
39b-8c0a-43d9-8864-a78c393a0
1cb/chunk-HHYBLI4E.mjs:8:485
85)
    at sC (file:///C:/xampp/
htdocs/SAE_301_303_ABJT_11/.
angular/prerender-root/e704a
39b-8c0a-43d9-8864-a78c393a0
1cb/chunk-HHYBLI4E.mjs:8:485
53)
    at Uv (file:///C:/xampp/
htdocs/SAE_301_303_ABJT_11/.
angular/prerender-root/e704a
39b-8c0a-43d9-8864-a78c393a0
1cb/chunk-HHYBLI4E.mjs:8:488
84)
    at nC (file:///C:/xampp/
htdocs/SAE_301_303_ABJT_11/.
angular/prerender-root/e704a
39b-8c0a-43d9-8864-a78c393a0
1cb/chunk-HHYBLI4E.mjs:8:479
05)
ERROR ReferenceError: 
sessionStorage is not 
defined
    at e.getPanier (file:///
C:/xampp/htdocs/SAE_301_303_
ABJT_11/.angular/prerender-r
oot/e704a39b-8c0a-43d9-8864-
a78c393a01cb/chunk-5AILWO7V.
mjs:2:3871)
    at get quantiteTotale (f
ile:///C:/xampp/htdocs/SAE_3
01_303_ABJT_11/.angular/prer
ender-root/e704a39b-8c0a-43d
9-8864-a78c393a01cb/chunk-5A
ILWO7V.mjs:2:7471)
    at template (file:///C:/
xampp/htdocs/SAE_301_303_ABJ
T_11/.angular/prerender-root
/e704a39b-8c0a-43d9-8864-a78
c393a01cb/chunk-5AILWO7V.mjs
:2:10962)
    at Cv (file:///C:/xampp/
htdocs/SAE_301_303_ABJT_11/.
angular/prerender-root/e704a
39b-8c0a-43d9-8864-a78c393a0
1cb/chunk-HHYBLI4E.mjs:8:376
65)
    at nC (file:///C:/xampp/
htdocs/SAE_301_303_ABJT_11/.
angular/prerender-root/e704a
39b-8c0a-43d9-8864-a78c393a0
1cb/chunk-HHYBLI4E.mjs:8:475
59)
    at Md (file:///C:/xampp/
htdocs/SAE_301_303_ABJT_11/.
angular/prerender-root/e704a
39b-8c0a-43d9-8864-a78c393a0
1cb/chunk-HHYBLI4E.mjs:8:487
49)
    at Bv (file:///C:/xampp/
htdocs/SAE_301_303_ABJT_11/.
angular/prerender-root/e704a
39b-8c0a-43d9-8864-a78c393a0
1cb/chunk-HHYBLI4E.mjs:8:485
85)
    at sC (file:///C:/xampp/
htdocs/SAE_301_303_ABJT_11/.
angular/prerender-root/e704a
39b-8c0a-43d9-8864-a78c393a0
1cb/chunk-HHYBLI4E.mjs:8:485
53)
    at Uv (file:///C:/xampp/
htdocs/SAE_301_303_ABJT_11/.
angular/prerender-root/e704a
39b-8c0a-43d9-8864-a78c393a0
1cb/chunk-HHYBLI4E.mjs:8:488
84)
    at nC (file:///C:/xampp/
htdocs/SAE_301_303_ABJT_11/.
angular/prerender-root/e704a
39b-8c0a-43d9-8864-a78c393a0
1cb/chunk-HHYBLI4E.mjs:8:479
05)
ERROR ReferenceError: 
sessionStorage is not 
defined
    at e.getPanier (file:///
C:/xampp/htdocs/SAE_301_303_
ABJT_11/.angular/prerender-r
oot/e704a39b-8c0a-43d9-8864-
a78c393a01cb/chunk-5AILWO7V.
mjs:2:3871)
    at get quantiteTotale (f
ile:///C:/xampp/htdocs/SAE_3
01_303_ABJT_11/.angular/prer
ender-root/e704a39b-8c0a-43d
9-8864-a78c393a01cb/chunk-5A
ILWO7V.mjs:2:7471)
    at template (file:///C:/
xampp/htdocs/SAE_301_303_ABJ
T_11/.angular/prerender-root
/e704a39b-8c0a-43d9-8864-a78
c393a01cb/chunk-5AILWO7V.mjs
:2:10962)
    at Cv (file:///C:/xampp/
htdocs/SAE_301_303_ABJT_11/.
angular/prerender-root/e704a
39b-8c0a-43d9-8864-a78c393a0
1cb/chunk-HHYBLI4E.mjs:8:376
65)
    at nC (file:///C:/xampp/
htdocs/SAE_301_303_ABJT_11/.
angular/prerender-root/e704a
39b-8c0a-43d9-8864-a78c393a0
1cb/chunk-HHYBLI4E.mjs:8:475
59)
    at Md (file:///C:/xampp/
htdocs/SAE_301_303_ABJT_11/.
angular/prerender-root/e704a
39b-8c0a-43d9-8864-a78c393a0
1cb/chunk-HHYBLI4E.mjs:8:487
49)
    at Bv (file:///C:/xampp/
htdocs/SAE_301_303_ABJT_11/.
angular/prerender-root/e704a
39b-8c0a-43d9-8864-a78c393a0
1cb/chunk-HHYBLI4E.mjs:8:485
85)
    at sC (file:///C:/xampp/
htdocs/SAE_301_303_ABJT_11/.
angular/prerender-root/e704a
39b-8c0a-43d9-8864-a78c393a0
1cb/chunk-HHYBLI4E.mjs:8:485
53)
    at Uv (file:///C:/xampp/
htdocs/SAE_301_303_ABJT_11/.
angular/prerender-root/e704a
39b-8c0a-43d9-8864-a78c393a0
1cb/chunk-HHYBLI4E.mjs:8:488
84)
    at nC (file:///C:/xampp/
htdocs/SAE_301_303_ABJT_11/.
angular/prerender-root/e704a
39b-8c0a-43d9-8864-a78c393a0
1cb/chunk-HHYBLI4E.mjs:8:479
05)
ERROR ReferenceError: 
sessionStorage is not 
defined
    at e.getPanier (file:///
C:/xampp/htdocs/SAE_301_303_
ABJT_11/.angular/prerender-r
oot/bbc0f3d1-3741-4452-9380-
cf0f470e1d05/chunk-5AILWO7V.
mjs:2:3871)
    at get quantiteTotale (f
ile:///C:/xampp/htdocs/SAE_3
01_303_ABJT_11/.angular/prer
ender-root/bbc0f3d1-3741-445
2-9380-cf0f470e1d05/chunk-5A
ILWO7V.mjs:2:7471)
    at template (file:///C:/
xampp/htdocs/SAE_301_303_ABJ
T_11/.angular/prerender-root
/bbc0f3d1-3741-4452-9380-cf0
f470e1d05/chunk-5AILWO7V.mjs
:2:10962)
    at Cv (file:///C:/xampp/
htdocs/SAE_301_303_ABJT_11/.
angular/prerender-root/bbc0f
3d1-3741-4452-9380-cf0f470e1
d05/chunk-HHYBLI4E.mjs:8:376
65)
    at nC (file:///C:/xampp/
htdocs/SAE_301_303_ABJT_11/.
angular/prerender-root/bbc0f
3d1-3741-4452-9380-cf0f470e1
d05/chunk-HHYBLI4E.mjs:8:475
59)
    at Md (file:///C:/xampp/
htdocs/SAE_301_303_ABJT_11/.
angular/prerender-root/bbc0f
3d1-3741-4452-9380-cf0f470e1
d05/chunk-HHYBLI4E.mjs:8:487
49)
    at Bv (file:///C:/xampp/
htdocs/SAE_301_303_ABJT_11/.
angular/prerender-root/bbc0f
3d1-3741-4452-9380-cf0f470e1
d05/chunk-HHYBLI4E.mjs:8:485
85)
    at sC (file:///C:/xampp/
htdocs/SAE_301_303_ABJT_11/.
angular/prerender-root/bbc0f
3d1-3741-4452-9380-cf0f470e1
d05/chunk-HHYBLI4E.mjs:8:485
53)
    at Uv (file:///C:/xampp/
htdocs/SAE_301_303_ABJT_11/.
angular/prerender-root/bbc0f
3d1-3741-4452-9380-cf0f470e1
d05/chunk-HHYBLI4E.mjs:8:488
84)
    at nC (file:///C:/xampp/
htdocs/SAE_301_303_ABJT_11/.
angular/prerender-root/bbc0f
3d1-3741-4452-9380-cf0f470e1
d05/chunk-HHYBLI4E.mjs:8:479
05)
ERROR ReferenceError: 
sessionStorage is not 
defined
    at e.getPanier (file:///
C:/xampp/htdocs/SAE_301_303_
ABJT_11/.angular/prerender-r
oot/bbc0f3d1-3741-4452-9380-
cf0f470e1d05/chunk-5AILWO7V.
mjs:2:3871)
    at get quantiteTotale (f
ile:///C:/xampp/htdocs/SAE_3
01_303_ABJT_11/.angular/prer
ender-root/bbc0f3d1-3741-445
2-9380-cf0f470e1d05/chunk-5A
ILWO7V.mjs:2:7471)
    at template (file:///C:/
xampp/htdocs/SAE_301_303_ABJ
T_11/.angular/prerender-root
/bbc0f3d1-3741-4452-9380-cf0
f470e1d05/chunk-5AILWO7V.mjs
:2:10962)
    at Cv (file:///C:/xampp/
htdocs/SAE_301_303_ABJT_11/.
angular/prerender-root/bbc0f
3d1-3741-4452-9380-cf0f470e1
d05/chunk-HHYBLI4E.mjs:8:376
65)
    at nC (file:///C:/xampp/
htdocs/SAE_301_303_ABJT_11/.
angular/prerender-root/bbc0f
3d1-3741-4452-9380-cf0f470e1
d05/chunk-HHYBLI4E.mjs:8:475
59)
    at Md (file:///C:/xampp/
htdocs/SAE_301_303_ABJT_11/.
angular/prerender-root/bbc0f
3d1-3741-4452-9380-cf0f470e1
d05/chunk-HHYBLI4E.mjs:8:487
49)
    at Bv (file:///C:/xampp/
htdocs/SAE_301_303_ABJT_11/.
angular/prerender-root/bbc0f
3d1-3741-4452-9380-cf0f470e1
d05/chunk-HHYBLI4E.mjs:8:485
85)
    at sC (file:///C:/xampp/
htdocs/SAE_301_303_ABJT_11/.
angular/prerender-root/bbc0f
3d1-3741-4452-9380-cf0f470e1
d05/chunk-HHYBLI4E.mjs:8:485
53)
    at Uv (file:///C:/xampp/
htdocs/SAE_301_303_ABJT_11/.
angular/prerender-root/bbc0f
3d1-3741-4452-9380-cf0f470e1
d05/chunk-HHYBLI4E.mjs:8:488
84)
    at nC (file:///C:/xampp/
htdocs/SAE_301_303_ABJT_11/.
angular/prerender-root/bbc0f
3d1-3741-4452-9380-cf0f470e1
d05/chunk-HHYBLI4E.mjs:8:479
05)
ERROR ReferenceError: 
sessionStorage is not 
defined
    at e.getPanier (file:///
C:/xampp/htdocs/SAE_301_303_
ABJT_11/.angular/prerender-r
oot/bbc0f3d1-3741-4452-9380-
cf0f470e1d05/chunk-5AILWO7V.
mjs:2:3871)
    at get quantiteTotale (f
ile:///C:/xampp/htdocs/SAE_3
01_303_ABJT_11/.angular/prer
ender-root/bbc0f3d1-3741-445
2-9380-cf0f470e1d05/chunk-5A
ILWO7V.mjs:2:7471)
    at template (file:///C:/
xampp/htdocs/SAE_301_303_ABJ
T_11/.angular/prerender-root
/bbc0f3d1-3741-4452-9380-cf0
f470e1d05/chunk-5AILWO7V.mjs
:2:10962)
    at Cv (file:///C:/xampp/
htdocs/SAE_301_303_ABJT_11/.
angular/prerender-root/bbc0f
3d1-3741-4452-9380-cf0f470e1
d05/chunk-HHYBLI4E.mjs:8:376
65)
    at nC (file:///C:/xampp/
htdocs/SAE_301_303_ABJT_11/.
angular/prerender-root/bbc0f
3d1-3741-4452-9380-cf0f470e1
d05/chunk-HHYBLI4E.mjs:8:475
59)
    at Md (file:///C:/xampp/
htdocs/SAE_301_303_ABJT_11/.
angular/prerender-root/bbc0f
3d1-3741-4452-9380-cf0f470e1
d05/chunk-HHYBLI4E.mjs:8:487
49)
    at Bv (file:///C:/xampp/
htdocs/SAE_301_303_ABJT_11/.
angular/prerender-root/bbc0f
3d1-3741-4452-9380-cf0f470e1
d05/chunk-HHYBLI4E.mjs:8:485
85)
    at sC (file:///C:/xampp/
htdocs/SAE_301_303_ABJT_11/.
angular/prerender-root/bbc0f
3d1-3741-4452-9380-cf0f470e1
d05/chunk-HHYBLI4E.mjs:8:485
53)
    at Uv (file:///C:/xampp/
htdocs/SAE_301_303_ABJT_11/.
angular/prerender-root/bbc0f
3d1-3741-4452-9380-cf0f470e1
d05/chunk-HHYBLI4E.mjs:8:488
84)
    at nC (file:///C:/xampp/
htdocs/SAE_301_303_ABJT_11/.
angular/prerender-root/bbc0f
3d1-3741-4452-9380-cf0f470e1
d05/chunk-HHYBLI4E.mjs:8:479
05)
ERROR ReferenceError: 
sessionStorage is not 
defined
    at e.getPanier (file:///
C:/xampp/htdocs/SAE_301_303_
ABJT_11/.angular/prerender-r
oot/e704a39b-8c0a-43d9-8864-
a78c393a01cb/chunk-5AILWO7V.
mjs:2:3871)
    at get quantiteTotale (f
ile:///C:/xampp/htdocs/SAE_3
01_303_ABJT_11/.angular/prer
ender-root/e704a39b-8c0a-43d
9-8864-a78c393a01cb/chunk-5A
ILWO7V.mjs:2:7471)
    at template (file:///C:/
xampp/htdocs/SAE_301_303_ABJ
T_11/.angular/prerender-root
/e704a39b-8c0a-43d9-8864-a78
c393a01cb/chunk-5AILWO7V.mjs
:2:10962)
    at Cv (file:///C:/xampp/
htdocs/SAE_301_303_ABJT_11/.
angular/prerender-root/e704a
39b-8c0a-43d9-8864-a78c393a0
1cb/chunk-HHYBLI4E.mjs:8:376
65)
    at nC (file:///C:/xampp/
htdocs/SAE_301_303_ABJT_11/.
angular/prerender-root/e704a
39b-8c0a-43d9-8864-a78c393a0
1cb/chunk-HHYBLI4E.mjs:8:475
59)
    at Md (file:///C:/xampp/
htdocs/SAE_301_303_ABJT_11/.
angular/prerender-root/e704a
39b-8c0a-43d9-8864-a78c393a0
1cb/chunk-HHYBLI4E.mjs:8:487
49)
    at Bv (file:///C:/xampp/
htdocs/SAE_301_303_ABJT_11/.
angular/prerender-root/e704a
39b-8c0a-43d9-8864-a78c393a0
1cb/chunk-HHYBLI4E.mjs:8:485
85)
    at sC (file:///C:/xampp/
htdocs/SAE_301_303_ABJT_11/.
angular/prerender-root/e704a
39b-8c0a-43d9-8864-a78c393a0
1cb/chunk-HHYBLI4E.mjs:8:485
53)
    at Uv (file:///C:/xampp/
htdocs/SAE_301_303_ABJT_11/.
angular/prerender-root/e704a
39b-8c0a-43d9-8864-a78c393a0
1cb/chunk-HHYBLI4E.mjs:8:488
84)
    at nC (file:///C:/xampp/
htdocs/SAE_301_303_ABJT_11/.
angular/prerender-root/e704a
39b-8c0a-43d9-8864-a78c393a0
1cb/chunk-HHYBLI4E.mjs:8:479
05)
ERROR ReferenceError: 
sessionStorage is not 
defined
    at e.getPanier (file:///
C:/xampp/htdocs/SAE_301_303_
ABJT_11/.angular/prerender-r
oot/e704a39b-8c0a-43d9-8864-
a78c393a01cb/chunk-5AILWO7V.
mjs:2:3871)
    at get quantiteTotale (f
ile:///C:/xampp/htdocs/SAE_3
01_303_ABJT_11/.angular/prer
ender-root/e704a39b-8c0a-43d
9-8864-a78c393a01cb/chunk-5A
ILWO7V.mjs:2:7471)
    at template (file:///C:/
xampp/htdocs/SAE_301_303_ABJ
T_11/.angular/prerender-root
/e704a39b-8c0a-43d9-8864-a78
c393a01cb/chunk-5AILWO7V.mjs
:2:10962)
    at Cv (file:///C:/xampp/
htdocs/SAE_301_303_ABJT_11/.
angular/prerender-root/e704a
39b-8c0a-43d9-8864-a78c393a0
1cb/chunk-HHYBLI4E.mjs:8:376
65)
    at nC (file:///C:/xampp/
htdocs/SAE_301_303_ABJT_11/.
angular/prerender-root/e704a
39b-8c0a-43d9-8864-a78c393a0
1cb/chunk-HHYBLI4E.mjs:8:475
59)
    at Md (file:///C:/xampp/
htdocs/SAE_301_303_ABJT_11/.
angular/prerender-root/e704a
39b-8c0a-43d9-8864-a78c393a0
1cb/chunk-HHYBLI4E.mjs:8:487
49)
    at Bv (file:///C:/xampp/
htdocs/SAE_301_303_ABJT_11/.
angular/prerender-root/e704a
39b-8c0a-43d9-8864-a78c393a0
1cb/chunk-HHYBLI4E.mjs:8:485
85)
    at sC (file:///C:/xampp/
htdocs/SAE_301_303_ABJT_11/.
angular/prerender-root/e704a
39b-8c0a-43d9-8864-a78c393a0
1cb/chunk-HHYBLI4E.mjs:8:485
53)
    at Uv (file:///C:/xampp/
htdocs/SAE_301_303_ABJT_11/.
angular/prerender-root/e704a
39b-8c0a-43d9-8864-a78c393a0
1cb/chunk-HHYBLI4E.mjs:8:488
84)
    at nC (file:///C:/xampp/
htdocs/SAE_301_303_ABJT_11/.
angular/prerender-root/e704a
39b-8c0a-43d9-8864-a78c393a0
1cb/chunk-HHYBLI4E.mjs:8:479
05)
ERROR ReferenceError: 
sessionStorage is not 
defined
    at e.getPanier (file:///
C:/xampp/htdocs/SAE_301_303_
ABJT_11/.angular/prerender-r
oot/e704a39b-8c0a-43d9-8864-
a78c393a01cb/chunk-5AILWO7V.
mjs:2:3871)
    at get quantiteTotale (f
ile:///C:/xampp/htdocs/SAE_3
01_303_ABJT_11/.angular/prer
ender-root/e704a39b-8c0a-43d
9-8864-a78c393a01cb/chunk-5A
ILWO7V.mjs:2:7471)
    at template (file:///C:/
xampp/htdocs/SAE_301_303_ABJ
T_11/.angular/prerender-root
/e704a39b-8c0a-43d9-8864-a78
c393a01cb/chunk-5AILWO7V.mjs
:2:10962)
    at Cv (file:///C:/xampp/
htdocs/SAE_301_303_ABJT_11/.
angular/prerender-root/e704a
39b-8c0a-43d9-8864-a78c393a0
1cb/chunk-HHYBLI4E.mjs:8:376
65)
    at nC (file:///C:/xampp/
htdocs/SAE_301_303_ABJT_11/.
angular/prerender-root/e704a
39b-8c0a-43d9-8864-a78c393a0
1cb/chunk-HHYBLI4E.mjs:8:475
59)
    at Md (file:///C:/xampp/
htdocs/SAE_301_303_ABJT_11/.
angular/prerender-root/e704a
39b-8c0a-43d9-8864-a78c393a0
1cb/chunk-HHYBLI4E.mjs:8:487
49)
    at Bv (file:///C:/xampp/
htdocs/SAE_301_303_ABJT_11/.
angular/prerender-root/e704a
39b-8c0a-43d9-8864-a78c393a0
1cb/chunk-HHYBLI4E.mjs:8:485
85)
    at sC (file:///C:/xampp/
htdocs/SAE_301_303_ABJT_11/.
angular/prerender-root/e704a
39b-8c0a-43d9-8864-a78c393a0
1cb/chunk-HHYBLI4E.mjs:8:485
53)
    at Uv (file:///C:/xampp/
htdocs/SAE_301_303_ABJT_11/.
angular/prerender-root/e704a
39b-8c0a-43d9-8864-a78c393a0
1cb/chunk-HHYBLI4E.mjs:8:488
84)
    at nC (file:///C:/xampp/
htdocs/SAE_301_303_ABJT_11/.
angular/prerender-root/e704a
39b-8c0a-43d9-8864-a78c393a0
1cb/chunk-HHYBLI4E.mjs:8:479
05)
Browser bundles        
Initial chunk files     | Names               |  Raw size | Estimated transfer size
main-3FCJUPVQ.js        | main                | 558.90 kB |               148.19 kB
polyfills-FFHMD2TL.js   | polyfills           |  33.71 kB |                11.02 kB
styles-BJVXSQGM.css     | styles              |  77 bytes |                77 bytes

                        | Initial total       | 592.69 kB |               159.28 kB


Server bundles         
Initial chunk files     | Names               |  Raw size
server.mjs              | server              |   1.06 MB |                        
chunk-HHYBLI4E.mjs      | -                   | 556.20 kB |                        
chunk-5AILWO7V.mjs      | -                   | 318.35 kB |                        
polyfills.server.mjs    | polyfills.server    | 262.30 kB |                        
chunk-VVCT4QZE.mjs      | -                   |   2.48 kB |                        
render-utils.server.mjs | render-utils.server |   1.44 kB |                        
main.server.mjs         | main.server         | 149 bytes |                        

Lazy chunk files        | Names               |  Raw size
chunk-QZP2S7SI.mjs      | xhr2                |  11.79 kB |                        

Prerendered 7 static routes.
Application bundle generation failed. [15.968 seconds]

Ôû▓ [WARNING] bundle 
initial exceeded maximum 
budget. Budget 500.00 kB 
was not met by 92.69 kB 
with a total of 592.69 kB.


Ôû▓ [WARNING] src/app/home/h
ome.component.css exceeded 
maximum budget. Budget 2.00 
kB was not met by 4.60 kB 
with a total of 6.60 kB.


Ôû▓ [WARNING] src/app/panier
/panier.component.css 
exceeded maximum budget. 
Budget 2.00 kB was not met 
by 74 bytes with a total of 
2.07 kB.


Ôû▓ [WARNING] src/app/about/
about.component.css 
exceeded maximum budget. 
Budget 2.00 kB was not met 
by 2.05 kB with a total of 
4.05 kB.


Ôû▓ [WARNING] src/app/compte
/compte.component.css 
exceeded maximum budget. 
Budget 2.00 kB was not met 
by 601 bytes with a total 
of 2.59 kB.


Ôû▓ [WARNING] 
src/app/app.component.css 
exceeded maximum budget. 
Budget 2.00 kB was not met 
by 853 bytes with a total 
of 2.83 kB.


Ôû▓ [WARNING] src/app/regist
er/register.component.css 
exceeded maximum budget. 
Budget 2.00 kB was not met 
by 69 bytes with a total of 
2.07 kB.


X [ERROR] src/app/home/home.
component.css exceeded 
maximum budget. Budget 4.00 
kB was not met by 2.60 kB 
with a total of 6.60 kB.


X [ERROR] src/app/about/abou
t.component.css exceeded 
maximum budget. Budget 4.00 
kB was not met by 51 bytes 
with a total of 4.05 kB.


